../Src/stm32f4xx_it.c:36:6:NMI_Handler	4	static
../Src/stm32f4xx_it.c:46:6:HardFault_Handler	4	static
../Src/stm32f4xx_it.c:56:6:MemManage_Handler	4	static
../Src/stm32f4xx_it.c:66:6:BusFault_Handler	4	static
../Src/stm32f4xx_it.c:76:6:UsageFault_Handler	4	static
../Src/stm32f4xx_it.c:86:6:SVC_Handler	4	static
../Src/stm32f4xx_it.c:94:6:DebugMon_Handler	4	static
../Src/stm32f4xx_it.c:102:6:PendSV_Handler	4	static
../Src/stm32f4xx_it.c:110:6:SysTick_Handler	8	static
../Src/stm32f4xx_it.c:127:6:USART1_IRQHandler	8	static
